// Jest Snapshot v1, https://goo.gl/fbAQLP

exports[`DoNothing Use HoC 1`] = `
<Text
  testID="props"
>
  {}
</Text>
`;

exports[`DoNothing Use provider 1`] = `
<Text
  testID="props"
>
  {}
</Text>
`;
