// Jest Snapshot v1, https://goo.gl/fbAQLP

exports[`nothing renders nothing 1`] = `null`;

exports[`nothing renders nothing story 1`] = `null`;
