// Jest Snapshot v1, https://goo.gl/fbAQLP

exports[`PdfView renders MyResume story 1`] = `
<View
  cacheEnabled={false}
  domStorageEnabled={false}
  injectedJavaScriptObject={
    {
      "data": "DATA AAAAA",
      "pageNumber": 1,
      "scale": 1,
    }
  }
  javaScriptEnabled={true}
  onMessage={[Function]}
  originWhitelist={
    [
      "*",
    ]
  }
  scrollEnabled={false}
  source={
    {
      "baseUrl": "about:blank",
      "html": "AAAAA",
    }
  }
  webviewDebuggingEnabled={true}
/>
`;

exports[`PdfView renders a file URI 1`] = `
<View
  cacheEnabled={false}
  domStorageEnabled={false}
  injectedJavaScriptObject={
    {
      "data": "AAAAA",
      "pageNumber": 1,
      "scale": 1,
    }
  }
  javaScriptEnabled={true}
  onMessage={[Function]}
  originWhitelist={
    [
      "*",
    ]
  }
  scrollEnabled={false}
  source={
    {
      "baseUrl": "about:blank",
      "html": "
<!DOCTYPE html>
<html lang="en">
<head>
<meta name="viewport" content="width=device-width, initial-scale=1.0">
<style>
body, html {
  margin: 0; padding: 0;
  overflow: hidden;
  width: 100%;
  height: 100%;
}
canvas {
  display: block;
  max-width: 100%;
  height: auto;
 }
</style>
<script type="module">
AAAAA;
</script>
<script type="module">
const { pdfjsLib } = /** @type {{ pdfjsLib: typeof import('pdfjs-dist') }} */ (globalThis);
pdfjsLib.GlobalWorkerOptions.workerSrc = "data:application/javascript;base64,AAAAA";
const renderPdfAsync = async () => {
  const stored = JSON.parse(window.ReactNativeWebView.injectedObjectJson());
  const pdfDocument = await pdfjsLib.getDocument({ data: atob(stored.data) }).promise;
  window.ReactNativeWebView.postMessage(
    JSON.stringify({'type': 'numPages', 'numPages': pdfDocument.numPages}),
  );

  const pdfPage = await pdfDocument.getPage(stored.pageNumber);

  /** @type {HTMLCanvasElement} */
  const canvasElement = document.getElementById('canvas');
  const viewport = pdfPage.getViewport({ scale: stored.scale });
  canvasElement.height= viewport.height;
  canvasElement.width = viewport.width;
  window.ReactNativeWebView.postMessage(
    JSON.stringify({'type': 'viewport', 'width': viewport.width, 'height': viewport.height, 'scale': viewport.scale}),
  );

  await pdfPage.render({
    canvasContext: canvasElement.getContext('2d'),
    viewport: viewport,
  }).promise;

  return { 'type': 'ok', 'data': canvasElement.toDataURL('image/png') };
};
window.onload = () => {
  window.ReactNativeWebView.postMessage(
    JSON.stringify({'type': 'stage', 'stage':'loaded', 'json': !!window.ReactNativeWebView.injectedObjectJson}),
  );
  if (window.ReactNativeWebView.injectedObjectJson && window.ReactNativeWebView.injectedObjectJson()) {
    window.ReactNativeWebView.postMessage(
      JSON.stringify({'type': 'stage', 'stage': 'data injected: ' + window.ReactNativeWebView.injectedObjectJson().substring(0,40)}),
    );
    renderPdfAsync()
      .then(
        (message) => {
          window.ReactNativeWebView.postMessage(
            JSON.stringify(message),
          );
        },
      )
      .catch(
        (error) => {
          window.ReactNativeWebView.postMessage(
            JSON.stringify(
              {
                'type': 'error',
                'error': error.message ?? error,
              },
            ),
          );
        },
      );
    return true;
  } else {
  window.ReactNativeWebView.postMessage(
    JSON.stringify({'type': 'error', 'error':'no data'}),
  );
    return true;
  }
};
</script>
</head>
<body>
<canvas id="canvas"></canvas>
</body>
</html>
",
    }
  }
  webviewDebuggingEnabled={true}
/>
`;
