// Jest Snapshot v1, https://goo.gl/fbAQLP

exports[`Nfc Use HoC 1`] = `
<Text
  testID="props"
>
  {"nfcManager":{}}
</Text>
`;

exports[`Nfc Use provider 1`] = `
<Text
  testID="props"
>
  {"nfcManager":{}}
</Text>
`;
