// Jest Snapshot v1, https://goo.gl/fbAQLP

exports[`only show minimal fonts 1`] = `
<View>
  <View
    style={
      {
        "backgroundColor": "black",
        "padding": 10,
      }
    }
  >
    <Text
      style={
        {
          "color": "white",
          "fontFamily": undefined,
          "fontStyle": undefined,
          "fontWeight": "bold",
          "lineHeight": undefined,
        }
      }
    >
      secure
    </Text>
  </View>
  <Text
    style={
      {
        "fontFamily": undefined,
        "fontStyle": undefined,
        "fontWeight": undefined,
        "lineHeight": undefined,
      }
    }
  />
  <Text
    style={
      {
        "fontFamily": undefined,
        "fontStyle": undefined,
        "fontWeight": undefined,
        "lineHeight": undefined,
      }
    }
  >
    <Text
      style={
        {
          "fontFamily": undefined,
          "fontStyle": undefined,
          "fontWeight": "bold",
          "lineHeight": undefined,
        }
      }
    />
  </Text>
  <View
    accessibilityRole="button"
    accessibilityState={
      {
        "busy": undefined,
        "checked": undefined,
        "disabled": false,
        "expanded": undefined,
        "selected": undefined,
      }
    }
    accessibilityValue={
      {
        "max": undefined,
        "min": undefined,
        "now": undefined,
        "text": undefined,
      }
    }
    accessible={true}
    collapsable={false}
    focusable={true}
    onClick={[Function]}
    onResponderGrant={[Function]}
    onResponderMove={[Function]}
    onResponderRelease={[Function]}
    onResponderTerminate={[Function]}
    onResponderTerminationRequest={[Function]}
    onStartShouldSetResponder={[Function]}
    style={
      {
        "opacity": 1,
      }
    }
  >
    <View
      style={
        [
          {},
        ]
      }
    >
      <Text
        disabled={false}
        style={
          [
            {
              "color": "#007AFF",
              "fontSize": 18,
              "margin": 8,
              "textAlign": "center",
            },
          ]
        }
      >
        refresh state
      </Text>
    </View>
  </View>
  <View
    accessibilityRole="button"
    accessibilityState={
      {
        "busy": undefined,
        "checked": undefined,
        "disabled": false,
        "expanded": undefined,
        "selected": undefined,
      }
    }
    accessibilityValue={
      {
        "max": undefined,
        "min": undefined,
        "now": undefined,
        "text": undefined,
      }
    }
    accessible={true}
    collapsable={false}
    focusable={true}
    onClick={[Function]}
    onResponderGrant={[Function]}
    onResponderMove={[Function]}
    onResponderRelease={[Function]}
    onResponderTerminate={[Function]}
    onResponderTerminationRequest={[Function]}
    onStartShouldSetResponder={[Function]}
    style={
      {
        "opacity": 1,
      }
    }
  >
    <View
      style={
        [
          {},
        ]
      }
    >
      <Text
        disabled={false}
        style={
          [
            {
              "color": "#007AFF",
              "fontSize": 18,
              "margin": 8,
              "textAlign": "center",
            },
          ]
        }
      >
        clear value
      </Text>
    </View>
  </View>
  <View
    accessibilityRole="button"
    accessibilityState={
      {
        "busy": undefined,
        "checked": undefined,
        "disabled": false,
        "expanded": undefined,
        "selected": undefined,
      }
    }
    accessibilityValue={
      {
        "max": undefined,
        "min": undefined,
        "now": undefined,
        "text": undefined,
      }
    }
    accessible={true}
    collapsable={false}
    focusable={true}
    onClick={[Function]}
    onResponderGrant={[Function]}
    onResponderMove={[Function]}
    onResponderRelease={[Function]}
    onResponderTerminate={[Function]}
    onResponderTerminationRequest={[Function]}
    onStartShouldSetResponder={[Function]}
    style={
      {
        "opacity": 1,
      }
    }
  >
    <View
      style={
        [
          {},
        ]
      }
    >
      <Text
        disabled={false}
        style={
          [
            {
              "color": "#007AFF",
              "fontSize": 18,
              "margin": 8,
              "textAlign": "center",
            },
          ]
        }
      >
        increment value
      </Text>
    </View>
  </View>
  <View
    accessibilityRole="button"
    accessibilityState={
      {
        "busy": undefined,
        "checked": undefined,
        "disabled": true,
        "expanded": undefined,
        "selected": undefined,
      }
    }
    accessibilityValue={
      {
        "max": undefined,
        "min": undefined,
        "now": undefined,
        "text": undefined,
      }
    }
    accessible={true}
    collapsable={false}
    focusable={true}
    onClick={[Function]}
    onResponderGrant={[Function]}
    onResponderMove={[Function]}
    onResponderRelease={[Function]}
    onResponderTerminate={[Function]}
    onResponderTerminationRequest={[Function]}
    onStartShouldSetResponder={[Function]}
    style={
      {
        "opacity": 1,
      }
    }
  >
    <View
      style={
        [
          {},
          {},
        ]
      }
    >
      <Text
        disabled={true}
        style={
          [
            {
              "color": "#007AFF",
              "fontSize": 18,
              "margin": 8,
              "textAlign": "center",
            },
            {
              "color": "#cdcdcd",
            },
          ]
        }
      >
        clear error
      </Text>
    </View>
  </View>
</View>
`;
